RAM Allocation [bytes]
Variable                                                                          Address   Size
------------------------------------------------------------------------------------------------
g_temperature_not_ready_value                                                     0x0520       2
g_led_control                                                                     0x0522       2
g_alarm_control                                                                   0x0524       2
g_connect_mode                                                                    0x0526       2
g_uart_send_buf                                                                   0x0528      50
prev_status                                                                       0x055A       1
p_S1000026000                                                                     0x055B       2
_seed                                                                             0x055D       4

EEPROM Allocation [bytes]
Variable                                                                          Address   Size
------------------------------------------------------------------------------------------------

Register Allocation
Variable                                                                          Register  Size
------------------------------------------------------------------------------------------------
g_alert_led_mode                                                                  R5           1
g_count_adc_0                                                                     R6,R7        2
g_value_adc_0                                                                     R8,R9        2
g_count_adc_1                                                                     R10,R11      2
g_value_adc_1                                                                     R12,R13      2
g_gas_alarm_mode                                                                  R4           1

FLASH Allocation [words]
Function                                                                          Address   Size
------------------------------------------------------------------------------------------------
timer0_ovf_isr                                                                    0x000C1     30
read_adc                                                                          0x000DF     14
main                                                                              0x000ED    132
get_status_led                                                                    0x00171     49
send_string                                                                       0x001A2     30
perform_status_led                                                                0x001C0    198
run_connect_mode                                                                  0x00286     75
recieve_string                                                                    0x002D1     43
connect_avr                                                                       0x002FC     11
turnoff                                                                           0x00307     11
strcasecmp                                                                        0x00312     56
execute_command                                                                   0x0034A     80
memset                                                                            0x0039A     16
strlen                                                                            0x003AA     12
strlenf                                                                           0x003B6     13
strpbrkf                                                                          0x003C3     23
strspnf                                                                           0x003DA     21
strtok                                                                            0x003EF     66
getchar                                                                           0x00431      4
putchar                                                                           0x00435      7
put_buff_G101                                                                     0x0043C     56
_print_G101                                                                       0x00474    308
sprintf                                                                           0x005A8     52
atoi                                                                              0x005DC     55
isdigit                                                                           0x00613      9
isspace                                                                           0x0061C     11
tolower                                                                           0x00627      8
