RAM Allocation [bytes]
Variable                                                                          Address   Size
------------------------------------------------------------------------------------------------
rx_buffer0                                                                        0x0516       8
tx_buffer0                                                                        0x051E       8
g_value_adc_0                                                                     0x0526       2
g_count_adc_1                                                                     0x0528       2
g_value_adc_1                                                                     0x052A       2
g_temperature_not_ready_value                                                     0x052C       2
g_led_control                                                                     0x052E       2
g_connect_mode                                                                    0x0530       2
g_uart_send_buf                                                                   0x0532      50
_seed                                                                             0x0564       4

EEPROM Allocation [bytes]
Variable                                                                          Address   Size
------------------------------------------------------------------------------------------------

Register Allocation
Variable                                                                          Register  Size
------------------------------------------------------------------------------------------------
g_alert_led_mode                                                                  R5           1
rx_wr_index0                                                                      R4           1
rx_rd_index0                                                                      R7           1
rx_counter0                                                                       R6           1
rx_buffer_overflow0                                                               R2.0      1bit
tx_wr_index0                                                                      R9           1
tx_rd_index0                                                                      R8           1
tx_counter0                                                                       R11          1
g_count_adc_0                                                                     R12,R13      2

FLASH Allocation [words]
Function                                                                          Address   Size
------------------------------------------------------------------------------------------------
usart0_rx_isr                                                                     0x000B5     31
usart0_tx_isr                                                                     0x000D4     23
main                                                                              0x000EB    102
